[backblue.gif]
[fade.gif]
[index.html]
[cwiki.apache.org/WW/home.html]
[cwiki.apache.org/confluence/images/border/border_bottom.gif]
[cwiki.apache.org/confluence/images/icons/notep_16.gif]
[cwiki.apache.org/confluence/images/icons/browse_space.gif]
[cwiki.apache.org/confluence/images/icons/add_page_16.gif]
[cwiki.apache.org/confluence/images/icons/add_blogentry_16.gif]
[cwiki.apache.org/WW/resources/space.css]
[cwiki.apache.org/confluence/images/icons/emoticons/check.gif]
[cwiki.apache.org/confluence/images/icons/linkext7.gif]
[cwiki.apache.org/WW/release-plan-201.html]
[cwiki.apache.org/WW/tutorials.html]
[cwiki.apache.org/confluence/images/icons/emoticons/lightbulb_on.gif]
[cwiki.apache.org/WW/guides.html]
[cwiki.apache.org/confluence/images/icons/emoticons/forbidden.gif]
[cwiki.apache.org/WW/faqs.html]
[cwiki.apache.org/WW/overview.html]
[cwiki.apache.org/WW/home.data/nutshell.GIF]
[cwiki.apache.org/WW/release-notes-201.html]
[cwiki.apache.org/confluence/images/icons/emoticons/lightbulb.gif]
[cwiki.apache.org/WW/action-configuration.html]
[cwiki.apache.org/confluence/images/icons/emoticons/information.gif]
[cwiki.apache.org/WW/resources/$req.contextPath/images/border/border_bottom.gif]
[cwiki.apache.org/WW/migration-guide.html]
[cwiki.apache.org/WW/creating-and-signing-a-distribution.html]
[cwiki.apache.org/WW/release-plan-200.html]
[cwiki.apache.org/WW/bootstrap.html]
[cwiki.apache.org/WW/crud-demo-i.html]
[cwiki.apache.org/WW/jasperreports-tutorial.html]
[cwiki.apache.org/WW/portlet-tutorial.html]
[cwiki.apache.org/WW/examples.html]
[cwiki.apache.org/WW/testimonials.html]
[cwiki.apache.org/WW/core-developers-guide.html]
[cwiki.apache.org/WW/application-servers.html]
[cwiki.apache.org/WW/architecture.html]
[cwiki.apache.org/WW/configuration-files.html]
[cwiki.apache.org/WW/webxml.html]
[cwiki.apache.org/WW/strutsxml.html]
[cwiki.apache.org/WW/strutsproperties.html]
[cwiki.apache.org/WW/struts-defaultxml.html]
[cwiki.apache.org/WW/velocityproperties.html]
[cwiki.apache.org/WW/struts-defaultvm.html]
[cwiki.apache.org/WW/struts-configuration-elements.html]
[cwiki.apache.org/WW/interceptors.html]
[cwiki.apache.org/WW/type-conversion.html]
[cwiki.apache.org/WW/validation.html]
[cwiki.apache.org/WW/localization.html]
[cwiki.apache.org/WW/action-chaining.html]
[cwiki.apache.org/WW/actionmapper.html]
[cwiki.apache.org/WW/profiling.html]
[cwiki.apache.org/WW/dependency-injection.html]
[cwiki.apache.org/WW/spring.html]
[cwiki.apache.org/WW/portlet-configuration.html]
[cwiki.apache.org/WW/annotations.html]
[cwiki.apache.org/WW/tag-developers-guide.html]
[cwiki.apache.org/WW/struts-tags.html]
[cwiki.apache.org/WW/generic-tags.html]
[cwiki.apache.org/WW/ui-tags.html]
[cwiki.apache.org/confluence/images/icons/plus.gif]
[cwiki.apache.org/WW/themes-and-templates.html]
[cwiki.apache.org/WW/tag-reference.html]
[cwiki.apache.org/WW/ognl.html]
[cwiki.apache.org/WW/tag-syntax.html]
[cwiki.apache.org/WW/jsp.html]
[cwiki.apache.org/WW/jsp-tags.html]
[cwiki.apache.org/WW/freemarker.html]
[cwiki.apache.org/WW/freemarker-tags.html]
[cwiki.apache.org/WW/velocity.html]
[cwiki.apache.org/WW/velocity-tags.html]
[cwiki.apache.org/WW/release-notes-200.html]
[cwiki.apache.org/WW/comparing-struts-1-and-2.html]
[cwiki.apache.org/WW/migration-strategies.html]
[cwiki.apache.org/WW/migration-tools.html]
[cwiki.apache.org/WW/issues-and-solutions.html]
[cwiki.apache.org/WW/what-has-changed-since-webwork-2.html]
[cwiki.apache.org/WW/webwork-2-migration-strategies.html]
[cwiki.apache.org/WW/contributors-guide.html]
[cwiki.apache.org/WW/editing-the-documentation.html]
[cwiki.apache.org/WW/building-the-framework-from-source.html]
[cwiki.apache.org/WW/colophon.html]
[cwiki.apache.org/WW/documentation-style-guide.html]
[cwiki.apache.org/WW/plugin-guide.html]
[cwiki.apache.org/WW/config-browser.html]
[cwiki.apache.org/WW/jasperreports-plugin.html]
[cwiki.apache.org/WW/jfreechart-plugin.html]
[cwiki.apache.org/WW/javaserver-faces.html]
[cwiki.apache.org/WW/quickstart.html]
[cwiki.apache.org/WW/sitegraph.html]
[cwiki.apache.org/WW/sitemesh.html]
[cwiki.apache.org/WW/eclipsework.html]
[cwiki.apache.org/WW/idea-plugin.html]
[cwiki.apache.org/WW/where-do-we-get-the-latest-version-the-framework.html]
[cwiki.apache.org/WW/what-are-some-of-the-frameworks-best-features.html]
[cwiki.apache.org/WW/can-you-suggest-an-elevator-pitch.html]
[cwiki.apache.org/WW/how-can-we-display-dynamic-or-static-images-that-can-be-provided-as-an-array-of-bytes.html]
[cwiki.apache.org/WW/can-we-use-junit-with-the-framework.html]
[cwiki.apache.org/WW/how-do-we-upload-files.html]
[cwiki.apache.org/WW/how-can-we-force-the-action-mappings-strutsxml-to-reload.html]
[cwiki.apache.org/WW/can-we-break-up-a-large-strutsxml-file-into-smaller-pieces.html]
[cwiki.apache.org/WW/how-do-we-get-access-to-the-session.html]
[cwiki.apache.org/WW/how-can-we-access-the-httpservletrequest.html]
[cwiki.apache.org/WW/how-can-we-access-the-httpservletresponse.html]
[cwiki.apache.org/WW/how-can-we-access-request-parameters-passed-into-an-action.html]
[cwiki.apache.org/WW/how-do-we-access-static-parameters-from-an-action.html]
[cwiki.apache.org/WW/can-we-access-an-actions-result.html]
[cwiki.apache.org/WW/how-do-i-obtain-security-details-jaas.html]
[cwiki.apache.org/WW/can-i-change-theme-on-a-per-page-basis.html]
[cwiki.apache.org/WW/can-i-change-templatedir-on-a-per-page-basis.html]
[cwiki.apache.org/confluence/images/icons/emoticons/warning.gif]
[cwiki.apache.org/WW/can-i-change-templatesuffix-on-a-per-page-basis.html]
[cwiki.apache.org/WW/why-isnt-our-prepare-interceptor-being-executed.html]
[cwiki.apache.org/WW/how-do-i-use-messages-from-within-the-validator.html]
[cwiki.apache.org/WW/how-do-i-populate-my-action-properties-upon-validation-failure.html]
[cwiki.apache.org/confluence/images/icons/emoticons/help_16.gif]
[cwiki.apache.org/WW/how-do-i-unit-test-my-actions-validation-logic.html]
[cwiki.apache.org/WW/why-does-ww-ignore-my-message-when-its-enclosed-in-cdata.html]
[cwiki.apache.org/WW/how-do-we-change-locales.html]
[cwiki.apache.org/WW/how-do-i-set-a-global-resource-bundle.html]
[cwiki.apache.org/WW/how-do-i-decouple-xwork-localizedtextutil-global-resource-bundle-loading-from-serlvets.html]
[cwiki.apache.org/WW/how-do-i-add-i18n-to-a-ui-tag-like-the-textfield-tag.html]
[cwiki.apache.org/WW/can-i-add-i18n-outside-the-actions-context.html]
[cwiki.apache.org/WW/how-to-support-utf-8-uriencoding-with-tomcat.html]
[cwiki.apache.org/WW/how-do-i-enable-encoding-in-my-forms.html]
[cwiki.apache.org/WW/how-to-escape-special-chars-in-resource-bundles.html]
[cwiki.apache.org/WW/how-do-i-change-the-invalid-input-error-message-for-a-particular-field.html]
[cwiki.apache.org/WW/why-is-the-application-logging-a-warning-that-the-compound-root-cannot-find-a-particular-object-with-a-particular-property.html]
[cwiki.apache.org/WW/portlet-tutorial.data/new-project-1.jpg]
[cwiki.apache.org/WW/portlet-tutorial.data/buildpath.jpg]
[cwiki.apache.org/WW/portlet-tutorial.data/new-project-2.jpg]
[cwiki.apache.org/WW/what-are-the-default-variables-in-the-value-stack.html]
[cwiki.apache.org/WW/why-do-the-form-tags-put-table-tags-around-controls.html]
[cwiki.apache.org/WW/portlet-tutorial.data/project-structure-hello-world-1.jpg]
[cwiki.apache.org/WW/portlet-tutorial.data/jboss-portal-frontpage.jpg]
[cwiki.apache.org/WW/how-can-i-put-a-string-literal-in-a-javascript-call-for-instance-in-an-onchange-attribute.html]
[cwiki.apache.org/WW/portlet-tutorial.data/jboss-portal-portlet-page.jpg]
[cwiki.apache.org/WW/portlet-tutorial.data/hello-world-form-1.jpg]
[cwiki.apache.org/WW/why-wont-the-if-tag-evaluate-a-one-char-string.html]
[cwiki.apache.org/WW/why-does-freemarker-complain-that-theres-an-error-in-my-user-directive-when-i-used-jsp-tag.html]
[cwiki.apache.org/WW/portlet-tutorial.data/hello-world-result-1.jpg]
[cwiki.apache.org/WW/can-an-action-tag-run-another-method-apart-from-the-default-execute-method.html]
[cwiki.apache.org/WW/why-didnt-my-action-tag-get-executed-when-i-have-validation-errors.html]
[cwiki.apache.org/WW/why-are-request-parameters-appended-to-our-hyperlinks.html]
[cwiki.apache.org/WW/should-the-framework-call-getmodel-multiple-times-as-a-page-renders.html]
[cwiki.apache.org/WW/im-trying-to-run-the-example-in-the-tutorial-on-tomcat-and-it-cant-instantiate-the-velocityengine.html]
[cwiki.apache.org/WW/does-the-framework-integrate-with-hibernate.html]
[cwiki.apache.org/WW/can-we-use-jstl-with-the-framework.html]
[cwiki.apache.org/WW/how-can-we-schedule-quartz-jobs.html]
[cwiki.apache.org/WW/can-we-use-acegi-security-with-the-framework.html]
[cwiki.apache.org/WW/architecture.data/arch.png]
[cwiki.apache.org/WW/which-portal-servers-are-supported.html]
[cwiki.apache.org/WW/how-to-build-the-portlet-war-for-a-specific-portal-server.html]
[cwiki.apache.org/WW/why-is-my-action-unavailable.html]
[cwiki.apache.org/WW/cookbook.html]
[cwiki.apache.org/WW/what-is-the-actioncontext.html]
[cwiki.apache.org/WW/interceptors.data/overview.png]
[cwiki.apache.org/WW/how-can-i-fix-the-attribute-short-circuit-error-message.html]
[cwiki.apache.org/WW/ie-showing-a-prompt-saying-this-page-contains-both-secure-and-nonsecure-items-when-using-dojo.html]
[cwiki.apache.org/WW/whiteboard.html]
[cwiki.apache.org/WW/struts-maven-archetype.html]
[cwiki.apache.org/WW/result-types.html]
[cwiki.apache.org/WW/release-plan-202.html]
[cwiki.apache.org/WW/ready-set-go.html]
[cwiki.apache.org/WW/hello-world.html]
[cwiki.apache.org/WW/using-tags.html]
[cwiki.apache.org/WW/coding-actions.html]
[cwiki.apache.org/WW/selecting-results.html]
[cwiki.apache.org/WW/validating-input.html]
[cwiki.apache.org/WW/localizing-output.html]
[cwiki.apache.org/WW/flying-solo.html]
[cwiki.apache.org/WW/tutoriallesson06.html]
[cwiki.apache.org/WW/prepare-interceptor.html]
[cwiki.apache.org/WW/action.html]
[cwiki.apache.org/WW/if.html]
[cwiki.apache.org/WW/else.html]
[cwiki.apache.org/WW/chat-application.html]
[cwiki.apache.org/WW/simplelogin-with-session.html]
[cwiki.apache.org/WW/related-tools.html]
[cwiki.apache.org/WW/accessing-application-session-request-objects.html]
[cwiki.apache.org/WW/sunone-70.html]
[cwiki.apache.org/WW/weblogic.html]
[cwiki.apache.org/WW/weblogic-61.html]
[cwiki.apache.org/WW/websphere.html]
[cwiki.apache.org/WW/exception-configuration.html]
[cwiki.apache.org/WW/reloading-configuration.html]
[cwiki.apache.org/WW/strutsxml-examples.html]
[cwiki.apache.org/WW/package-configuration.html]
[cwiki.apache.org/WW/namespace-configuration.html]
[cwiki.apache.org/WW/include-configuration.html]
[cwiki.apache.org/WW/interceptor-configuration.html]
[cwiki.apache.org/WW/result-configuration.html]
[cwiki.apache.org/WW/views.html]
[cwiki.apache.org/WW/alias-interceptor.html]
[cwiki.apache.org/WW/chaining-interceptor.html]
[cwiki.apache.org/WW/checkbox-interceptor.html]
[cwiki.apache.org/WW/conversion-error-interceptor.html]
[cwiki.apache.org/WW/create-session-interceptor.html]
[cwiki.apache.org/WW/execute-and-wait-interceptor.html]
[cwiki.apache.org/WW/exception-interceptor.html]
[cwiki.apache.org/WW/file-upload-interceptor.html]
[cwiki.apache.org/WW/i18n-interceptor.html]
[cwiki.apache.org/WW/logger-interceptor.html]
[cwiki.apache.org/WW/message-store-interceptor.html]
[cwiki.apache.org/WW/model-driven-interceptor.html]
[cwiki.apache.org/WW/scoped-model-driven-interceptor.html]
[cwiki.apache.org/WW/parameters-interceptor.html]
[cwiki.apache.org/WW/scope-interceptor.html]
[cwiki.apache.org/WW/servlet-config-interceptor.html]
[cwiki.apache.org/WW/static-parameters-interceptor.html]
[cwiki.apache.org/WW/timer-interceptor.html]
[cwiki.apache.org/WW/token-interceptor.html]
[cwiki.apache.org/WW/token-session-interceptor.html]
[cwiki.apache.org/WW/validation-interceptor.html]
[cwiki.apache.org/WW/workflow-interceptor.html]
[cwiki.apache.org/WW/parameter-filter-interceptor.html]
[cwiki.apache.org/WW/conversion-validator.html]
[cwiki.apache.org/WW/client-side-validation.html]
[cwiki.apache.org/WW/basic-validation.html]
[cwiki.apache.org/WW/client-validation.html]
[cwiki.apache.org/WW/ajax-validation.html]
[cwiki.apache.org/WW/using-field-validators.html]
[cwiki.apache.org/WW/using-non-field-validators.html]
[cwiki.apache.org/WW/using-visitor-field-validator.html]
[cwiki.apache.org/WW/required-validator.html]
[cwiki.apache.org/WW/requiredstring-validator.html]
[cwiki.apache.org/WW/int-validator.html]
[cwiki.apache.org/WW/date-validator.html]
[cwiki.apache.org/WW/expression-validator.html]
[cwiki.apache.org/WW/fieldexpression-validator.html]
[cwiki.apache.org/WW/email-validator.html]
[cwiki.apache.org/WW/url-validator.html]
[cwiki.apache.org/WW/visitor-validator.html]
[cwiki.apache.org/WW/stringlength-validator.html]
[cwiki.apache.org/WW/regex-validator.html]
[cwiki.apache.org/WW/property.html]
[cwiki.apache.org/WW/text.html]
[cwiki.apache.org/WW/i18n.html]
[cwiki.apache.org/WW/redirect-after-post.html]
[cwiki.apache.org/WW/building-with-maven.html]
[cwiki.apache.org/WW/annotationworkflowinterceptor.html]
[cwiki.apache.org/WW/after-annotation.html]
[cwiki.apache.org/WW/before-annotation.html]
[cwiki.apache.org/WW/beforeresult-annotation.html]
[cwiki.apache.org/WW/validation-annotation.html]
[cwiki.apache.org/WW/conversionerrorfieldvalidator-annotation.html]
[cwiki.apache.org/WW/daterangefieldvalidator-annotation.html]
[cwiki.apache.org/WW/doublerangefieldvalidator-annotation.html]
[cwiki.apache.org/WW/emailvalidator-annotation.html]
[cwiki.apache.org/WW/expressionvalidator-annotation.html]
[cwiki.apache.org/WW/fieldexpressionvalidator-annotation.html]
[cwiki.apache.org/WW/intrangefieldvalidator-annotation.html]
[cwiki.apache.org/WW/regexfieldvalidator-annotation.html]
[cwiki.apache.org/WW/requiredfieldvalidator-annotation.html]
[cwiki.apache.org/WW/requiredstringvalidator-annotation.html]
[cwiki.apache.org/WW/stringlengthfieldvalidator-annotation.html]
[cwiki.apache.org/WW/stringregexvalidator-annotation.html]
[cwiki.apache.org/WW/urlvalidator-annotation.html]
[cwiki.apache.org/WW/validations-annotation.html]
[cwiki.apache.org/WW/visitorfieldvalidator-annotation.html]
[cwiki.apache.org/WW/customvalidator-annotation.html]
[cwiki.apache.org/WW/conversion-annotation.html]
[cwiki.apache.org/WW/createifnull-annotation.html]
[cwiki.apache.org/WW/element-annotation.html]
[cwiki.apache.org/WW/key-annotation.html]
[cwiki.apache.org/WW/keyproperty-annotation.html]
[cwiki.apache.org/WW/typeconversion-annotation.html]
[cwiki.apache.org/confluence/images/icons/emoticons/smile.gif]
[cwiki.apache.org/confluence/images/icons/refresh_16.png]
[cwiki.apache.org/WW/generic-tag-reference.html]
[cwiki.apache.org/WW/form-tags.html]
[www.opensymphony.com/xwork/powered.png]
[cwiki.apache.org/WW/template-loading.html]
[cwiki.apache.org/confluence/images/icons/emoticons/star_yellow.gif]
[cwiki.apache.org/confluence/images/icons/emoticons/thumbs_up.gif]
[cwiki.apache.org/WW/selecting-template-directory.html]
[cwiki.apache.org/WW/selecting-themes.html]
[cwiki.apache.org/WW/quickstart.data/idea.png]
[cwiki.apache.org/WW/quickstart.data/idea.png.jpeg]
[cwiki.apache.org/WW/extending-themes.html]
[cwiki.apache.org/WW/simple-theme.html]
[cwiki.apache.org/confluence/images/icons/link_attachment_7.gif]
[cwiki.apache.org/WW/sitegraph.data/example.gif]
[cwiki.apache.org/WW/xhtml-theme.html]
[cwiki.apache.org/WW/cssxhtml-theme.html]
[cwiki.apache.org/WW/ajax-theme.html]
[cwiki.apache.org/WW/elseif.html]
[cwiki.apache.org/WW/append.html]
[cwiki.apache.org/WW/generator.html]
[cwiki.apache.org/WW/iterator.html]
[cwiki.apache.org/WW/merge.html]
[cwiki.apache.org/WW/sort.html]
[cwiki.apache.org/WW/subset.html]
[cwiki.apache.org/WW/bean.html]
[cwiki.apache.org/WW/debug.html]
[cwiki.apache.org/WW/include.html]
[cwiki.apache.org/WW/param.html]
[cwiki.apache.org/WW/push.html]
[cwiki.apache.org/WW/set.html]
[cwiki.apache.org/WW/url.html]
[cwiki.apache.org/WW/checkbox.html]
[cwiki.apache.org/WW/checkboxlist.html]
[cwiki.apache.org/WW/combobox.html]
[cwiki.apache.org/WW/datepicker.html]
[cwiki.apache.org/WW/doubleselect.html]
[cwiki.apache.org/WW/head.html]
[cwiki.apache.org/WW/file.html]
[cwiki.apache.org/WW/form.html]
[cwiki.apache.org/WW/hidden.html]
[cwiki.apache.org/WW/label.html]
[cwiki.apache.org/WW/optiontransferselect.html]
[cwiki.apache.org/WW/using-tags.data/HelloWorld.PNG]
[cwiki.apache.org/WW/optgroup.html]
[cwiki.apache.org/WW/using-tags.data/Logon.PNG]
[cwiki.apache.org/WW/using-tags.data/Welcome.PNG]
[cwiki.apache.org/WW/password.html]
[cwiki.apache.org/confluence/images/icons/emoticons/add.gif]
[cwiki.apache.org/WW/reset.html]
[cwiki.apache.org/WW/select.html]
[cwiki.apache.org/WW/submit.html]
[cwiki.apache.org/WW/textarea.html]
[cwiki.apache.org/WW/textfield.html]
[cwiki.apache.org/WW/timepicker.html]
[cwiki.apache.org/WW/token.html]
[cwiki.apache.org/WW/updownselect.html]
[cwiki.apache.org/WW/a.html]
[cwiki.apache.org/WW/actionerror.html]
[cwiki.apache.org/WW/actionmessage.html]
[cwiki.apache.org/WW/component.html]
[cwiki.apache.org/WW/date.html]
[cwiki.apache.org/WW/div.html]
[cwiki.apache.org/WW/fielderror.html]
[cwiki.apache.org/WW/panel.html]
[cwiki.apache.org/WW/table.html]
[cwiki.apache.org/WW/tabbedpanel.html]
[cwiki.apache.org/WW/tree.html]
[cwiki.apache.org/WW/treenode.html]
[cwiki.apache.org/WW/ui-tag-reference.html]
[cwiki.apache.org/WW/ognl-basics.html]
[cwiki.apache.org/WW/dispatcher-result.html]
[cwiki.apache.org/WW/access-to-valuestack-from-jsps.html]
[cwiki.apache.org/WW/freemarker-result.html]
[cwiki.apache.org/WW/velocity-result.html]
[cwiki.apache.org/WW/quickstart-using-maven-2.html]
[cwiki.apache.org/WW/tiles.html]
[cwiki.apache.org/WW/meeting-minutes.html]
[cwiki.apache.org/WW/pico.html]
[cwiki.apache.org/WW/cewolf-charts-using-velocity-templates.html]
[cwiki.apache.org/WW/non-ioc-version-of-opensessioninviewinterceptor.html]
[cwiki.apache.org/WW/using-maven-to-setup-an-eclipse-project-for-your-application.html]
[cwiki.apache.org/WW/building-your-own-interceptor.html]
[cwiki.apache.org/WW/interceptor-order.html]
[cwiki.apache.org/WW/handling-file-uploads.html]
[cwiki.apache.org/WW/hibernateandspringenabledexecuteandwaitinterceptor.html]
[cwiki.apache.org/WW/groovyresult.html]
[cwiki.apache.org/WW/romeresult.html]
[cwiki.apache.org/WW/how-to-validate-field-formats-such-as-a-phone-number.html]
[cwiki.apache.org/WW/application-session-request-objects-in-jsp.html]
[cwiki.apache.org/WW/application-session-request-objects-in-vm.html]
[cwiki.apache.org/WW/value-stack-internals.html]
[cwiki.apache.org/WW/describing-a-bean-in-velocity.html]
[cwiki.apache.org/WW/how-do-i-populate-a-form-bean-and-get-the-value-using-the-taglib.html]
[cwiki.apache.org/WW/tabular-inputs-with-xworklist.html]
[cwiki.apache.org/WW/html-form-buttons-howto.html]
[cwiki.apache.org/WW/using-checkboxes.html]
[cwiki.apache.org/WW/iterator-tag-examples.html]
[cwiki.apache.org/WW/how-to-format-dates-and-numbers.html]
[cwiki.apache.org/WW/skinning.html]
[cwiki.apache.org/WW/multiple-submit-buttons.html]
[cwiki.apache.org/WW/tabular-inputs-with-hashmap.html]
[cwiki.apache.org/WW/exposing-framework-objects-to-jstl-with-a-jstl-and-displaytag-example.html]
[cwiki.apache.org/WW/using-struts-and-xwork-with-jsp-20-and-jstl-11.html]
[cwiki.apache.org/WW/developing-ajax-widgets.html]
[cwiki.apache.org/WW/learn-struts-2-by-example.html]
[cwiki.apache.org/WW/dhtml-and-xmlhttprequest-references.html]
[cwiki.apache.org/WW/ajax-validation-points-for-discussion.html]
[cwiki.apache.org/WW/chain-result.html]
[cwiki.apache.org/WW/httpheader-result.html]
[cwiki.apache.org/WW/redirect-result.html]
[cwiki.apache.org/WW/redirect-action-result.html]
[cwiki.apache.org/WW/stream-result.html]
[cwiki.apache.org/WW/xsl-result.html]
[cwiki.apache.org/WW/plaintext-result.html]
[cwiki.apache.org/WW/tiles-result.html]
[cwiki.apache.org/WW/simple-setup.html]
[cwiki.apache.org/WW/tutorialend.html]
[cwiki.apache.org/WW/pure-javascript-client-side-validation.html]
[cwiki.apache.org/WW/ajax-client-side-validation.html]
[cwiki.apache.org/WW/validationparameter-annotation.html]
[cwiki.apache.org/WW/control-tags.html]
[cwiki.apache.org/WW/simple-head-template.html]
[cwiki.apache.org/WW/xhtml-form-template.html]
[cwiki.apache.org/WW/xhtml-head-template.html]
[cwiki.apache.org/WW/cssxhtml-form-template.html]
[cwiki.apache.org/WW/cssxhtml-head-template.html]
[cwiki.apache.org/WW/ajax-head-template.html]
[cwiki.apache.org/WW/ajax-div-template.html]
[cwiki.apache.org/WW/ajax-a-template.html]
[cwiki.apache.org/WW/ajax-event-system.html]
[cwiki.apache.org/WW/ajax-submit-template.html]
[cwiki.apache.org/confluence/display/WW/null/icons/emoticons/forbidden.gif]
[cwiki.apache.org/confluence/display/WW/null/icons/emoticons/add.gif]
[cwiki.apache.org/WW/radio.html]
[cwiki.apache.org/WW/freemarker-support.html]
[cwiki.apache.org/WW/tiles-use.html]
[cwiki.apache.org/WW/chat-transcripts.html]
[cwiki.apache.org/WW/07-04-2005-documentation.html]
[cwiki.apache.org/WW/06-15-2005-documentation.html]
[cwiki.apache.org/WW/06-01-2005-ajax.html]
[cwiki.apache.org/WW/asynchronous-processing-with-webwork-xwork.html]
[cwiki.apache.org/WW/using-checkboxes-editactionjava.html]
[cwiki.apache.org/WW/using-checkboxes-velocity-and-html.html]
[cwiki.apache.org/WW/using-checkboxes-userjava.html]
[cwiki.apache.org/WW/https-and-ie-issues.html]
[cwiki.apache.org/WW/ajax-tabbedpanel-template.html]
[cwiki.apache.org/WW/asynchronous-processing-with-webwork-xwork.data/async-web kt.ppt]
[cwiki.apache.org/WW/asynchronous-processing-with-webwork-xwork.data/async.zip]
[cwiki.apache.org/WW/06-15-2005-toc-homework.html]
